V3 6
FL /home/user/permanent/MONGAILLARD_Thomas/VHDL/DigitalFilter/FA1bit_schema.vhf 2021/10/08.09:09:50 P.20131013
EN work/FA1bit_schema 1633677133 \
      FL /home/user/permanent/MONGAILLARD_Thomas/VHDL/DigitalFilter/FA1bit_schema.vhf \
      PB ieee/std_logic_1164 1381692176 PB ieee/NUMERIC_STD 1381692181 LB UNISIM \
      PH unisim/VCOMPONENTS 1381692182
AR work/FA1bit_schema/BEHAVIORAL 1633677134 \
      FL /home/user/permanent/MONGAILLARD_Thomas/VHDL/DigitalFilter/FA1bit_schema.vhf \
      EN work/FA1bit_schema 1633677133 CP AND2 CP XOR2
